// Jest Snapshot v1, https://goo.gl/fbAQLP

exports[`Validation should extract gql snippet from javascript file 1`] = `
{
  "definitions": [
    {
      "directives": [],
      "kind": "OperationDefinition",
      "loc": {
        "end": 105,
        "start": 3,
      },
      "name": {
        "kind": "Name",
        "loc": {
          "end": 23,
          "start": 9,
        },
        "value": "HeroAndFriends",
      },
      "operation": "query",
      "selectionSet": {
        "kind": "SelectionSet",
        "loc": {
          "end": 105,
          "start": 43,
        },
        "selections": [
          {
            "alias": null,
            "arguments": [
              {
                "kind": "Argument",
                "loc": {
                  "end": 71,
                  "start": 54,
                },
                "name": {
                  "kind": "Name",
                  "loc": {
                    "end": 61,
                    "start": 54,
                  },
                  "value": "episode",
                },
                "value": {
                  "kind": "Variable",
                  "loc": {
                    "end": 71,
                    "start": 63,
                  },
                  "name": {
                    "kind": "Name",
                    "loc": {
                      "end": 71,
                      "start": 64,
                    },
                    "value": "episode",
                  },
                },
              },
            ],
            "directives": [],
            "kind": "Field",
            "loc": {
              "end": 101,
              "start": 49,
            },
            "name": {
              "kind": "Name",
              "loc": {
                "end": 53,
                "start": 49,
              },
              "value": "hero",
            },
            "selectionSet": {
              "kind": "SelectionSet",
              "loc": {
                "end": 101,
                "start": 73,
              },
              "selections": [
                {
                  "directives": [],
                  "kind": "FragmentSpread",
                  "loc": {
                    "end": 95,
                    "start": 81,
                  },
                  "name": {
                    "kind": "Name",
                    "loc": {
                      "end": 95,
                      "start": 84,
                    },
                    "value": "heroDetails",
                  },
                },
              ],
            },
          },
        ],
      },
      "variableDefinitions": [
        {
          "defaultValue": null,
          "kind": "VariableDefinition",
          "loc": {
            "end": 41,
            "start": 24,
          },
          "type": {
            "kind": "NamedType",
            "loc": {
              "end": 41,
              "start": 34,
            },
            "name": {
              "kind": "Name",
              "loc": {
                "end": 41,
                "start": 34,
              },
              "value": "Episode",
            },
          },
          "variable": {
            "kind": "Variable",
            "loc": {
              "end": 32,
              "start": 24,
            },
            "name": {
              "kind": "Name",
              "loc": {
                "end": 32,
                "start": 25,
              },
              "value": "episode",
            },
          },
        },
      ],
    },
    {
      "directives": [],
      "kind": "FragmentDefinition",
      "loc": {
        "end": 242,
        "start": 109,
      },
      "name": {
        "kind": "Name",
        "loc": {
          "end": 129,
          "start": 118,
        },
        "value": "heroDetails",
      },
      "selectionSet": {
        "kind": "SelectionSet",
        "loc": {
          "end": 242,
          "start": 143,
        },
        "selections": [
          {
            "alias": null,
            "arguments": [],
            "directives": [],
            "kind": "Field",
            "loc": {
              "end": 153,
              "start": 149,
            },
            "name": {
              "kind": "Name",
              "loc": {
                "end": 153,
                "start": 149,
              },
              "value": "name",
            },
            "selectionSet": null,
          },
          {
            "directives": [],
            "kind": "InlineFragment",
            "loc": {
              "end": 200,
              "start": 158,
            },
            "selectionSet": {
              "kind": "SelectionSet",
              "loc": {
                "end": 200,
                "start": 171,
              },
              "selections": [
                {
                  "alias": null,
                  "arguments": [],
                  "directives": [],
                  "kind": "Field",
                  "loc": {
                    "end": 194,
                    "start": 179,
                  },
                  "name": {
                    "kind": "Name",
                    "loc": {
                      "end": 194,
                      "start": 179,
                    },
                    "value": "primaryFunction",
                  },
                  "selectionSet": null,
                },
              ],
            },
            "typeCondition": {
              "kind": "NamedType",
              "loc": {
                "end": 170,
                "start": 165,
              },
              "name": {
                "kind": "Name",
                "loc": {
                  "end": 170,
                  "start": 165,
                },
                "value": "Droid",
              },
            },
          },
          {
            "directives": [],
            "kind": "InlineFragment",
            "loc": {
              "end": 238,
              "start": 205,
            },
            "selectionSet": {
              "kind": "SelectionSet",
              "loc": {
                "end": 238,
                "start": 218,
              },
              "selections": [
                {
                  "alias": null,
                  "arguments": [],
                  "directives": [],
                  "kind": "Field",
                  "loc": {
                    "end": 232,
                    "start": 226,
                  },
                  "name": {
                    "kind": "Name",
                    "loc": {
                      "end": 232,
                      "start": 226,
                    },
                    "value": "height",
                  },
                  "selectionSet": null,
                },
              ],
            },
            "typeCondition": {
              "kind": "NamedType",
              "loc": {
                "end": 217,
                "start": 212,
              },
              "name": {
                "kind": "Name",
                "loc": {
                  "end": 217,
                  "start": 212,
                },
                "value": "Human",
              },
            },
          },
        ],
      },
      "typeCondition": {
        "kind": "NamedType",
        "loc": {
          "end": 142,
          "start": 133,
        },
        "name": {
          "kind": "Name",
          "loc": {
            "end": 142,
            "start": 133,
          },
          "value": "Character",
        },
      },
    },
    {
      "directives": [],
      "kind": "OperationDefinition",
      "loc": {
        "end": 299,
        "start": 251,
      },
      "name": {
        "kind": "Name",
        "loc": {
          "end": 265,
          "start": 257,
        },
        "value": "HeroName",
      },
      "operation": "query",
      "selectionSet": {
        "kind": "SelectionSet",
        "loc": {
          "end": 299,
          "start": 266,
        },
        "selections": [
          {
            "alias": null,
            "arguments": [],
            "directives": [],
            "kind": "Field",
            "loc": {
              "end": 295,
              "start": 272,
            },
            "name": {
              "kind": "Name",
              "loc": {
                "end": 276,
                "start": 272,
              },
              "value": "hero",
            },
            "selectionSet": {
              "kind": "SelectionSet",
              "loc": {
                "end": 295,
                "start": 277,
              },
              "selections": [
                {
                  "alias": null,
                  "arguments": [],
                  "directives": [],
                  "kind": "Field",
                  "loc": {
                    "end": 289,
                    "start": 285,
                  },
                  "name": {
                    "kind": "Name",
                    "loc": {
                      "end": 289,
                      "start": 285,
                    },
                    "value": "name",
                  },
                  "selectionSet": null,
                },
              ],
            },
          },
        ],
      },
      "variableDefinitions": [],
    },
  ],
  "kind": "Document",
}
`;
